2025-04-04 04:41:30.791270 - Received CBT.V508.FILE122.PDS from FILE122.XMI 
2025-04-04 04:41:30.792217 - Found $$$$$$$$.txt (text/plain) in CBT.V508.FILE122.PDS, moved to PDS/$$$$$$$$
2025-04-04 04:41:30.792384 - Found $$$#DATE.txt (text/plain) in CBT.V508.FILE122.PDS, moved to PDS/$$$#DATE
2025-04-04 04:41:30.792544 - Found $$DOC.txt (text/plain) in CBT.V508.FILE122.PDS, moved to PDS/$$DOC
2025-04-04 04:41:30.792722 - Found @FILE122.txt (text/plain) in CBT.V508.FILE122.PDS, moved to PDS/@FILE122
2025-04-04 04:41:30.792844 - Found CMDRMSG.txt (text/plain) in CBT.V508.FILE122.PDS, moved to PDS/CMDRMSG
2025-04-04 04:41:30.792961 - Found COMEIN.txt (text/plain) in CBT.V508.FILE122.PDS, moved to PDS/COMEIN
2025-04-04 04:41:30.793082 - Found GETOUT.txt (text/plain) in CBT.V508.FILE122.PDS, moved to PDS/GETOUT
2025-04-04 04:41:30.793211 - Found IEFSSN00.txt (text/plain) in CBT.V508.FILE122.PDS, moved to PDS/IEFSSN00
2025-04-04 04:41:30.793343 - Found JES2PARM.txt (text/plain) in CBT.V508.FILE122.PDS, moved to PDS/JES2PARM
2025-04-04 04:41:30.793538 - Found J2SRB01.txt (text/plain) in CBT.V508.FILE122.PDS, moved to PDS/J2SRB01
2025-04-04 04:41:30.793668 - Found J2TBL03.txt (text/plain) in CBT.V508.FILE122.PDS, moved to PDS/J2TBL03
2025-04-04 04:41:30.793799 - Found J2XIT01.txt (text/plain) in CBT.V508.FILE122.PDS, moved to PDS/J2XIT01
2025-04-04 04:41:30.793913 - Found J2XIT02.txt (text/plain) in CBT.V508.FILE122.PDS, moved to PDS/J2XIT02
2025-04-04 04:41:30.794049 - Found J2XIT03.txt (text/plain) in CBT.V508.FILE122.PDS, moved to PDS/J2XIT03
2025-04-04 04:41:30.794166 - Found J2XIT04.txt (text/plain) in CBT.V508.FILE122.PDS, moved to PDS/J2XIT04
2025-04-04 04:41:30.794279 - Found J2XIT09.txt (text/plain) in CBT.V508.FILE122.PDS, moved to PDS/J2XIT09
2025-04-04 04:41:30.794405 - Found QUITMVS.txt (text/plain) in CBT.V508.FILE122.PDS, moved to PDS/QUITMVS
2025-04-04 04:41:30.794523 - Found RCMD.jcl (text/plain) in CBT.V508.FILE122.PDS, moved to PDS/RCMD
2025-04-04 04:41:30.794652 - Found RMSG.jcl (text/plain) in CBT.V508.FILE122.PDS, moved to PDS/RMSG
2025-04-04 04:41:30.794776 - Found RMSGCMD.txt (text/plain) in CBT.V508.FILE122.PDS, moved to PDS/RMSGCMD
2025-04-04 04:41:30.794915 - Found RMSGLOAD.jcl (text/plain) in CBT.V508.FILE122.PDS, moved to PDS/RMSGLOAD
2025-04-04 04:41:30.795057 - Found RMSGSUB.txt (text/plain) in CBT.V508.FILE122.PDS, moved to PDS/RMSGSUB
